Archive member included to satisfy reference by file (symbol)

d:/arm_stm32_church/stm_tools/stm32cubeide/stm32cubeide_1.12.1/stm32cubeide/plugins/com.st.stm32cube.ide.mcu.externaltools.gnu-tools-for-stm32.10.3-2021.10.win32_1.0.200.202301161003/tools/bin/../lib/gcc/arm-none-eabi/10.3.1/../../../../arm-none-eabi/lib/thumb/v7-m/nofp\libc_nano.a(lib_a-errno.o)
                              ./Core/Src/syscalls.o (__errno)
d:/arm_stm32_church/stm_tools/stm32cubeide/stm32cubeide_1.12.1/stm32cubeide/plugins/com.st.stm32cube.ide.mcu.externaltools.gnu-tools-for-stm32.10.3-2021.10.win32_1.0.200.202301161003/tools/bin/../lib/gcc/arm-none-eabi/10.3.1/../../../../arm-none-eabi/lib/thumb/v7-m/nofp\libc_nano.a(lib_a-exit.o)
                              d:/arm_stm32_church/stm_tools/stm32cubeide/stm32cubeide_1.12.1/stm32cubeide/plugins/com.st.stm32cube.ide.mcu.externaltools.gnu-tools-for-stm32.10.3-2021.10.win32_1.0.200.202301161003/tools/bin/../lib/gcc/arm-none-eabi/10.3.1/../../../../arm-none-eabi/lib/thumb/v7-m/nofp/crt0.o (exit)
d:/arm_stm32_church/stm_tools/stm32cubeide/stm32cubeide_1.12.1/stm32cubeide/plugins/com.st.stm32cube.ide.mcu.externaltools.gnu-tools-for-stm32.10.3-2021.10.win32_1.0.200.202301161003/tools/bin/../lib/gcc/arm-none-eabi/10.3.1/../../../../arm-none-eabi/lib/thumb/v7-m/nofp\libc_nano.a(lib_a-impure.o)
                              d:/arm_stm32_church/stm_tools/stm32cubeide/stm32cubeide_1.12.1/stm32cubeide/plugins/com.st.stm32cube.ide.mcu.externaltools.gnu-tools-for-stm32.10.3-2021.10.win32_1.0.200.202301161003/tools/bin/../lib/gcc/arm-none-eabi/10.3.1/../../../../arm-none-eabi/lib/thumb/v7-m/nofp\libc_nano.a(lib_a-exit.o) (_global_impure_ptr)
d:/arm_stm32_church/stm_tools/stm32cubeide/stm32cubeide_1.12.1/stm32cubeide/plugins/com.st.stm32cube.ide.mcu.externaltools.gnu-tools-for-stm32.10.3-2021.10.win32_1.0.200.202301161003/tools/bin/../lib/gcc/arm-none-eabi/10.3.1/../../../../arm-none-eabi/lib/thumb/v7-m/nofp\libc_nano.a(lib_a-init.o)
                              d:/arm_stm32_church/stm_tools/stm32cubeide/stm32cubeide_1.12.1/stm32cubeide/plugins/com.st.stm32cube.ide.mcu.externaltools.gnu-tools-for-stm32.10.3-2021.10.win32_1.0.200.202301161003/tools/bin/../lib/gcc/arm-none-eabi/10.3.1/../../../../arm-none-eabi/lib/thumb/v7-m/nofp/crt0.o (__libc_init_array)
d:/arm_stm32_church/stm_tools/stm32cubeide/stm32cubeide_1.12.1/stm32cubeide/plugins/com.st.stm32cube.ide.mcu.externaltools.gnu-tools-for-stm32.10.3-2021.10.win32_1.0.200.202301161003/tools/bin/../lib/gcc/arm-none-eabi/10.3.1/../../../../arm-none-eabi/lib/thumb/v7-m/nofp\libc_nano.a(lib_a-memset.o)
                              d:/arm_stm32_church/stm_tools/stm32cubeide/stm32cubeide_1.12.1/stm32cubeide/plugins/com.st.stm32cube.ide.mcu.externaltools.gnu-tools-for-stm32.10.3-2021.10.win32_1.0.200.202301161003/tools/bin/../lib/gcc/arm-none-eabi/10.3.1/../../../../arm-none-eabi/lib/thumb/v7-m/nofp/crt0.o (memset)
d:/arm_stm32_church/stm_tools/stm32cubeide/stm32cubeide_1.12.1/stm32cubeide/plugins/com.st.stm32cube.ide.mcu.externaltools.gnu-tools-for-stm32.10.3-2021.10.win32_1.0.200.202301161003/tools/bin/../lib/gcc/arm-none-eabi/10.3.1/../../../../arm-none-eabi/lib/thumb/v7-m/nofp\libc_nano.a(lib_a-sprintf.o)
                              ./Core/Src/main.o (sprintf)
d:/arm_stm32_church/stm_tools/stm32cubeide/stm32cubeide_1.12.1/stm32cubeide/plugins/com.st.stm32cube.ide.mcu.externaltools.gnu-tools-for-stm32.10.3-2021.10.win32_1.0.200.202301161003/tools/bin/../lib/gcc/arm-none-eabi/10.3.1/../../../../arm-none-eabi/lib/thumb/v7-m/nofp\libc_nano.a(lib_a-nano-svfprintf.o)
                              d:/arm_stm32_church/stm_tools/stm32cubeide/stm32cubeide_1.12.1/stm32cubeide/plugins/com.st.stm32cube.ide.mcu.externaltools.gnu-tools-for-stm32.10.3-2021.10.win32_1.0.200.202301161003/tools/bin/../lib/gcc/arm-none-eabi/10.3.1/../../../../arm-none-eabi/lib/thumb/v7-m/nofp\libc_nano.a(lib_a-sprintf.o) (_svfprintf_r)
d:/arm_stm32_church/stm_tools/stm32cubeide/stm32cubeide_1.12.1/stm32cubeide/plugins/com.st.stm32cube.ide.mcu.externaltools.gnu-tools-for-stm32.10.3-2021.10.win32_1.0.200.202301161003/tools/bin/../lib/gcc/arm-none-eabi/10.3.1/../../../../arm-none-eabi/lib/thumb/v7-m/nofp\libc_nano.a(lib_a-nano-vfprintf_i.o)
                              d:/arm_stm32_church/stm_tools/stm32cubeide/stm32cubeide_1.12.1/stm32cubeide/plugins/com.st.stm32cube.ide.mcu.externaltools.gnu-tools-for-stm32.10.3-2021.10.win32_1.0.200.202301161003/tools/bin/../lib/gcc/arm-none-eabi/10.3.1/../../../../arm-none-eabi/lib/thumb/v7-m/nofp\libc_nano.a(lib_a-nano-svfprintf.o) (_printf_i)
d:/arm_stm32_church/stm_tools/stm32cubeide/stm32cubeide_1.12.1/stm32cubeide/plugins/com.st.stm32cube.ide.mcu.externaltools.gnu-tools-for-stm32.10.3-2021.10.win32_1.0.200.202301161003/tools/bin/../lib/gcc/arm-none-eabi/10.3.1/../../../../arm-none-eabi/lib/thumb/v7-m/nofp\libc_nano.a(lib_a-memchr-stub.o)
[...]
Memory Configuration

Name             Origin             Length             Attributes
RAM              0x0000000020000000 0x0000000000005000 xrw
FLASH            0x0000000008000000 0x0000000000010000 xr
*default*        0x0000000000000000 0xffffffffffffffff

Linker script and memory map

LOAD d:/arm_stm32_church/stm_tools/stm32cubeide/stm32cubeide_1.12.1/stm32cubeide/plugins/com.st.stm32cube.ide.mcu.externaltools.gnu-tools-for-stm32.10.3-2021.10.win32_1.0.200.202301161003/tools/bin/../lib/gcc/arm-none-eabi/10.3.1/thumb/v7-m/nofp/crti.o
LOAD d:/arm_stm32_church/stm_tools/stm32cubeide/stm32cubeide_1.12.1/stm32cubeide/plugins/com.st.stm32cube.ide.mcu.externaltools.gnu-tools-for-stm32.10.3-2021.10.win32_1.0.200.202301161003/tools/bin/../lib/gcc/arm-none-eabi/10.3.1/thumb/v7-m/nofp/crtbegin.o
LOAD d:/arm_stm32_church/stm_tools/stm32cubeide/stm32cubeide_1.12.1/stm32cubeide/plugins/com.st.stm32cube.ide.mcu.externaltools.gnu-tools-for-stm32.10.3-2021.10.win32_1.0.200.202301161003/tools/bin/../lib/gcc/arm-none-eabi/10.3.1/../../../../arm-none-eabi/lib/thumb/v7-m/nofp/crt0.o
LOAD ./Core/Src/main.o
LOAD ./Core/Src/stm32f1xx_hal_msp.o
LOAD ./Core/Src/stm32f1xx_it.o
LOAD ./Core/Src/syscalls.o
LOAD ./Core/Src/sysmem.o
LOAD ./Core/Src/system_stm32f1xx.o
LOAD ./Core/Startup/startup_stm32f103c8tx.o
LOAD ./Drivers/ARM_Drivers/Delay_Micros/dwt_stm32_delay.o
LOAD ./Drivers/Device_Drivers/LCD/HD44780_LCD.o
LOAD ./Drivers/STM32F1xx_HAL_Driver/Src/stm32f1xx_hal.o
LOAD ./Drivers/STM32F1xx_HAL_Driver/Src/stm32f1xx_hal_cortex.o
LOAD ./Drivers/STM32F1xx_HAL_Driver/Src/stm32f1xx_hal_dma.o
LOAD ./Drivers/STM32F1xx_HAL_Driver/Src/stm32f1xx_hal_exti.o
LOAD ./Drivers/STM32F1xx_HAL_Driver/Src/stm32f1xx_hal_flash.o
LOAD ./Drivers/STM32F1xx_HAL_Driver/Src/stm32f1xx_hal_flash_ex.o
LOAD ./Drivers/STM32F1xx_HAL_Driver/Src/stm32f1xx_hal_gpio.o
LOAD ./Drivers/STM32F1xx_HAL_Driver/Src/stm32f1xx_hal_gpio_ex.o
LOAD ./Drivers/STM32F1xx_HAL_Driver/Src/stm32f1xx_hal_pwr.o
LOAD ./Drivers/STM32F1xx_HAL_Driver/Src/stm32f1xx_hal_rcc.o
LOAD ./Drivers/STM32F1xx_HAL_Driver/Src/stm32f1xx_hal_rcc_ex.o
LOAD ./Drivers/STM32F1xx_HAL_Driver/Src/stm32f1xx_hal_tim.o
LOAD ./Drivers/STM32F1xx_HAL_Driver/Src/stm32f1xx_hal_tim_ex.o
START GROUP
LOAD d:/arm_stm32_church/stm_tools/stm32cubeide/stm32cubeide_1.12.1/stm32cubeide/plugins/com.st.stm32cube.ide.mcu.externaltools.gnu-tools-for-stm32.10.3-2021.10.win32_1.0.200.202301161003/tools/bin/../lib/gcc/arm-none-eabi/10.3.1/../../../../arm-none-eabi/lib/thumb/v7-m/nofp\libc_nano.a
LOAD d:/arm_stm32_church/stm_tools/stm32cubeide/stm32cubeide_1.12.1/stm32cubeide/plugins/com.st.stm32cube.ide.mcu.externaltools.gnu-tools-for-stm32.10.3-2021.10.win32_1.0.200.202301161003/tools/bin/../lib/gcc/arm-none-eabi/10.3.1/../../../../arm-none-eabi/lib/thumb/v7-m/nofp\libm.a
END GROUP
START GROUP
LOAD d:/arm_stm32_church/stm_tools/stm32cubeide/stm32cubeide_1.12.1/stm32cubeide/plugins/com.st.stm32cube.ide.mcu.externaltools.gnu-tools-for-stm32.10.3-2021.10.win32_1.0.200.202301161003/tools/bin/../lib/gcc/arm-none-eabi/10.3.1/thumb/v7-m/nofp\libgcc.a
LOAD d:/arm_stm32_church/stm_tools/stm32cubeide/stm32cubeide_1.12.1/stm32cubeide/plugins/com.st.stm32cube.ide.mcu.externaltools.gnu-tools-for-stm32.10.3-2021.10.win32_1.0.200.202301161003/tools/bin/../lib/gcc/arm-none-eabi/10.3.1/../../../../arm-none-eabi/lib/thumb/v7-m/nofp\libc_nano.a
END GROUP
START GROUP
LOAD d:/arm_stm32_church/stm_tools/stm32cubeide/stm32cubeide_1.12.1/stm32cubeide/plugins/com.st.stm32cube.ide.mcu.externaltools.gnu-tools-for-stm32.10.3-2021.10.win32_1.0.200.202301161003/tools/bin/../lib/gcc/arm-none-eabi/10.3.1/thumb/v7-m/nofp\libgcc.a
LOAD d:/arm_stm32_church/stm_tools/stm32cubeide/stm32cubeide_1.12.1/stm32cubeide/plugins/com.st.stm32cube.ide.mcu.externaltools.gnu-tools-for-stm32.10.3-2021.10.win32_1.0.200.202301161003/tools/bin/../lib/gcc/arm-none-eabi/10.3.1/../../../../arm-none-eabi/lib/thumb/v7-m/nofp\libc_nano.a
LOAD d:/arm_stm32_church/stm_tools/stm32cubeide/stm32cubeide_1.12.1/stm32cubeide/plugins/com.st.stm32cube.ide.mcu.externaltools.gnu-tools-for-stm32.10.3-2021.10.win32_1.0.200.202301161003/tools/bin/../lib/gcc/arm-none-eabi/10.3.1/../../../../arm-none-eabi/lib/thumb/v7-m/nofp\libnosys.a
END GROUP
START GROUP
LOAD d:/arm_stm32_church/stm_tools/stm32cubeide/stm32cubeide_1.12.1/stm32cubeide/plugins/com.st.stm32cube.ide.mcu.externaltools.gnu-tools-for-stm32.10.3-2021.10.win32_1.0.200.202301161003/tools/bin/../lib/gcc/arm-none-eabi/10.3.1/thumb/v7-m/nofp\libgcc.a
LOAD d:/arm_stm32_church/stm_tools/stm32cubeide/stm32cubeide_1.12.1/stm32cubeide/plugins/com.st.stm32cube.ide.mcu.externaltools.gnu-tools-for-stm32.10.3-2021.10.win32_1.0.200.202301161003/tools/bin/../lib/gcc/arm-none-eabi/10.3.1/../../../../arm-none-eabi/lib/thumb/v7-m/nofp\libc_nano.a
LOAD d:/arm_stm32_church/stm_tools/stm32cubeide/stm32cubeide_1.12.1/stm32cubeide/plugins/com.st.stm32cube.ide.mcu.externaltools.gnu-tools-for-stm32.10.3-2021.10.win32_1.0.200.202301161003/tools/bin/../lib/gcc/arm-none-eabi/10.3.1/../../../../arm-none-eabi/lib/thumb/v7-m/nofp\libnosys.a
END GROUP
LOAD d:/arm_stm32_church/stm_tools/stm32cubeide/stm32cubeide_1.12.1/stm32cubeide/plugins/com.st.stm32cube.ide.mcu.externaltools.gnu-tools-for-stm32.10.3-2021.10.win32_1.0.200.202301161003/tools/bin/../lib/gcc/arm-none-eabi/10.3.1/thumb/v7-m/nofp/crtend.o
LOAD d:/arm_stm32_church/stm_tools/stm32cubeide/stm32cubeide_1.12.1/stm32cubeide/plugins/com.st.stm32cube.ide.mcu.externaltools.gnu-tools-for-stm32.10.3-2021.10.win32_1.0.200.202301161003/tools/bin/../lib/gcc/arm-none-eabi/10.3.1/thumb/v7-m/nofp/crtn.o
                0x0000000020005000                _estack = (ORIGIN (RAM) + LENGTH (RAM))
                0x0000000000000200                _Min_Heap_Size = 0x200
                0x0000000000000400                _Min_Stack_Size = 0x400

.isr_vector     0x0000000008000000      0x10c
                0x0000000008000000                . = ALIGN (0x4)
 *(.isr_vector)
 .isr_vector    0x0000000008000000      0x10c ./Core/Startup/startup_stm32f103c8tx.o
                0x0000000008000000                g_pfnVectors
                0x000000000800010c                . = ALIGN (0x4)

.text           0x000000000800010c     0x1f30
                0x000000000800010c                . = ALIGN (0x4)
 *(.text)
 .text          0x000000000800010c       0x40 d:/arm_stm32_church/stm_tools/stm32cubeide/stm32cubeide_1.12.1/stm32cubeide/plugins/com.st.stm32cube.ide.mcu.externaltools.gnu-tools-for-stm32.10.3-2021.10.win32_1.0.200.202301161003/tools/bin/../lib/gcc/arm-none-eabi/10.3.1/thumb/v7-m/nofp/crtbegin.o
 *(.text*)
 .text.main     0x000000000800014c       0xcc ./Core/Src/main.o
                0x000000000800014c                main
 .text.SystemClock_Config
                0x0000000008000218       0x8a ./Core/Src/main.o
                0x0000000008000218                SystemClock_Config
 *fill*         0x00000000080002a2        0x2 
 .text.MX_GPIO_Init
                0x00000000080002a4       0x44 ./Core/Src/main.o
 .text.Error_Handler
                0x00000000080002e8        0xa ./Core/Src/main.o
                0x00000000080002e8                Error_Handler
 *fill*         0x00000000080002f2        0x2 
 .text.HAL_MspInit
                0x00000000080002f4       0x64 ./Core/Src/stm32f1xx_hal_msp.o
                0x00000000080002f4                HAL_MspInit
 .text.NMI_Handler
                0x0000000008000358        0x6 ./Core/Src/stm32f1xx_it.o
                0x0000000008000358                NMI_Handler
 .text.HardFault_Handler
                0x000000000800035e        0x6 ./Core/Src/stm32f1xx_it.o
                0x000000000800035e                HardFault_Handler
 .text.MemManage_Handler
                0x0000000008000364        0x6 ./Core/Src/stm32f1xx_it.o
                0x0000000008000364                MemManage_Handler
 .text.BusFault_Handler
                0x000000000800036a        0x6 ./Core/Src/stm32f1xx_it.o
                0x000000000800036a                BusFault_Handler
 .text.UsageFault_Handler
                0x0000000008000370        0x6 ./Core/Src/stm32f1xx_it.o
                0x0000000008000370                UsageFault_Handler
 .text.SVC_Handler
                0x0000000008000376        0xc ./Core/Src/stm32f1xx_it.o
                0x0000000008000376                SVC_Handler
 .text.DebugMon_Handler
                0x0000000008000382        0xc ./Core/Src/stm32f1xx_it.o
                0x0000000008000382                DebugMon_Handler
 .text.PendSV_Handler
                0x000000000800038e        0xc ./Core/Src/stm32f1xx_it.o
                0x000000000800038e                PendSV_Handler
 .text.SysTick_Handler
                0x000000000800039a        0xc ./Core/Src/stm32f1xx_it.o
                0x000000000800039a                SysTick_Handler
 *fill*         0x00000000080003a6        0x2 
 .text._sbrk    0x00000000080003a8       0x6c ./Core/Src/sysmem.o
                0x00000000080003a8                _sbrk
 .text.SystemInit
                0x0000000008000414        0xc ./Core/Src/system_stm32f1xx.o
                0x0000000008000414                SystemInit
 .text.Reset_Handler
                0x0000000008000420       0x48 ./Core/Startup/startup_stm32f103c8tx.o
                0x0000000008000420                Reset_Handler
 .text.Default_Handler
                0x0000000008000468        0x2 ./Core/Startup/startup_stm32f103c8tx.o
                0x0000000008000468                RTC_Alarm_IRQHandler
                0x0000000008000468                EXTI2_IRQHandler
                0x0000000008000468                TIM1_CC_IRQHandler
                0x0000000008000468                PVD_IRQHandler
                0x0000000008000468                EXTI3_IRQHandler
                0x0000000008000468                EXTI0_IRQHandler
                0x0000000008000468                I2C2_EV_IRQHandler
                0x0000000008000468                ADC1_2_IRQHandler
                0x0000000008000468                SPI1_IRQHandler
                0x0000000008000468                TAMPER_IRQHandler
                0x0000000008000468                DMA1_Channel4_IRQHandler
                0x0000000008000468                USART3_IRQHandler
                0x0000000008000468                RTC_IRQHandler
                0x0000000008000468                DMA1_Channel7_IRQHandler
                0x0000000008000468                CAN1_RX1_IRQHandler
                0x0000000008000468                TIM4_IRQHandler
                0x0000000008000468                I2C1_EV_IRQHandler
                0x0000000008000468                DMA1_Channel6_IRQHandler
                0x0000000008000468                TIM3_IRQHandler
                0x0000000008000468                RCC_IRQHandler
                0x0000000008000468                TIM1_TRG_COM_IRQHandler
                0x0000000008000468                DMA1_Channel1_IRQHandler
                0x0000000008000468                Default_Handler
                0x0000000008000468                EXTI15_10_IRQHandler
                0x0000000008000468                EXTI9_5_IRQHandler
                0x0000000008000468                SPI2_IRQHandler
                0x0000000008000468                DMA1_Channel5_IRQHandler
                0x0000000008000468                EXTI4_IRQHandler
                0x0000000008000468                USB_LP_CAN1_RX0_IRQHandler
                0x0000000008000468                USB_HP_CAN1_TX_IRQHandler
                0x0000000008000468                DMA1_Channel3_IRQHandler
                0x0000000008000468                TIM1_UP_IRQHandler
                0x0000000008000468                WWDG_IRQHandler
                0x0000000008000468                TIM2_IRQHandler
                0x0000000008000468                TIM1_BRK_IRQHandler
                0x0000000008000468                EXTI1_IRQHandler
                0x0000000008000468                USART2_IRQHandler
                0x0000000008000468                I2C2_ER_IRQHandler
                0x0000000008000468                DMA1_Channel2_IRQHandler
                0x0000000008000468                CAN1_SCE_IRQHandler
                0x0000000008000468                FLASH_IRQHandler
                0x0000000008000468                USART1_IRQHandler
                0x0000000008000468                I2C1_ER_IRQHandler
                0x0000000008000468                USBWakeUp_IRQHandler
 *fill*         0x000000000800046a        0x2 
 .text.DWT_Delay_Init
                0x000000000800046c       0x60 ./Drivers/ARM_Drivers/Delay_Micros/dwt_stm32_delay.o
                0x000000000800046c                DWT_Delay_Init
 .text.DWT_Delay_us
                0x00000000080004cc       0x48 ./Drivers/Device_Drivers/LCD/HD44780_LCD.o
 .text.usDelay  0x0000000008000514       0x1a ./Drivers/Device_Drivers/LCD/HD44780_LCD.o
 .text.Write_HalfByte
                0x000000000800052e       0x4a ./Drivers/Device_Drivers/LCD/HD44780_LCD.o
 .text.RS_SET   0x0000000008000578       0x24 ./Drivers/Device_Drivers/LCD/HD44780_LCD.o
 .text.EN_SET   0x000000000800059c       0x24 ./Drivers/Device_Drivers/LCD/HD44780_LCD.o
 .text.Alcd_Init_GPIO
                0x00000000080005c0       0x6e ./Drivers/Device_Drivers/LCD/HD44780_LCD.o
 .text.Alcd_SendByte
                0x000000000800062e       0x72 ./Drivers/Device_Drivers/LCD/HD44780_LCD.o
 .text.Alcd_Init
                0x00000000080006a0       0xfe ./Drivers/Device_Drivers/LCD/HD44780_LCD.o
                0x00000000080006a0                Alcd_Init
 .text.Alcd_CursorAt
                0x000000000800079e       0x3a ./Drivers/Device_Drivers/LCD/HD44780_LCD.o
                0x000000000800079e                Alcd_CursorAt
 .text.Alcd_Put_n
                0x00000000080007d8       0x3e ./Drivers/Device_Drivers/LCD/HD44780_LCD.o
                0x00000000080007d8                Alcd_Put_n
 .text.Alcd_PutAt_n
                0x0000000008000816       0x32 ./Drivers/Device_Drivers/LCD/HD44780_LCD.o
                0x0000000008000816                Alcd_PutAt_n
 .text.Alcd_Clear
                0x0000000008000848       0x22 ./Drivers/Device_Drivers/LCD/HD44780_LCD.o
                0x0000000008000848                Alcd_Clear
 .text.Alcd_Display_Control
                0x000000000800086a       0x86 ./Drivers/Device_Drivers/LCD/HD44780_LCD.o
                0x000000000800086a                Alcd_Display_Control
 .text.HAL_Init
                0x00000000080008f0       0x2c ./Drivers/STM32F1xx_HAL_Driver/Src/stm32f1xx_hal.o
                0x00000000080008f0                HAL_Init
 .text.HAL_InitTick
                0x000000000800091c       0x60 ./Drivers/STM32F1xx_HAL_Driver/Src/stm32f1xx_hal.o
                0x000000000800091c                HAL_InitTick
 .text.HAL_IncTick
                0x000000000800097c       0x24 ./Drivers/STM32F1xx_HAL_Driver/Src/stm32f1xx_hal.o
                0x000000000800097c                HAL_IncTick
 .text.HAL_GetTick
                0x00000000080009a0       0x14 ./Drivers/STM32F1xx_HAL_Driver/Src/stm32f1xx_hal.o
                0x00000000080009a0                HAL_GetTick
 .text.HAL_Delay
                0x00000000080009b4       0x48 ./Drivers/STM32F1xx_HAL_Driver/Src/stm32f1xx_hal.o
                0x00000000080009b4                HAL_Delay
 .text.__NVIC_SetPriorityGrouping
                0x00000000080009fc       0x48 ./Drivers/STM32F1xx_HAL_Driver/Src/stm32f1xx_hal_cortex.o
 .text.__NVIC_GetPriorityGrouping
                0x0000000008000a44       0x1c ./Drivers/STM32F1xx_HAL_Driver/Src/stm32f1xx_hal_cortex.o
 .text.__NVIC_SetPriority
                0x0000000008000a60       0x54 ./Drivers/STM32F1xx_HAL_Driver/Src/stm32f1xx_hal_cortex.o
 .text.NVIC_EncodePriority
                0x0000000008000ab4       0x64 ./Drivers/STM32F1xx_HAL_Driver/Src/stm32f1xx_hal_cortex.o
 .text.SysTick_Config
                0x0000000008000b18       0x44 ./Drivers/STM32F1xx_HAL_Driver/Src/stm32f1xx_hal_cortex.o
 .text.HAL_NVIC_SetPriorityGrouping
                0x0000000008000b5c       0x16 ./Drivers/STM32F1xx_HAL_Driver/Src/stm32f1xx_hal_cortex.o
                0x0000000008000b5c                HAL_NVIC_SetPriorityGrouping
 .text.HAL_NVIC_SetPriority
                0x0000000008000b72       0x38 ./Drivers/STM32F1xx_HAL_Driver/Src/stm32f1xx_hal_cortex.o
                0x0000000008000b72                HAL_NVIC_SetPriority
 .text.HAL_SYSTICK_Config
                0x0000000008000baa       0x18 ./Drivers/STM32F1xx_HAL_Driver/Src/stm32f1xx_hal_cortex.o
                0x0000000008000baa                HAL_SYSTICK_Config
 *fill*         0x0000000008000bc2        0x2 
 .text.HAL_GPIO_Init
                0x0000000008000bc4      0x308 ./Drivers/STM32F1xx_HAL_Driver/Src/stm32f1xx_hal_gpio.o
                0x0000000008000bc4                HAL_GPIO_Init
 .text.HAL_GPIO_WritePin
                0x0000000008000ecc       0x30 ./Drivers/STM32F1xx_HAL_Driver/Src/stm32f1xx_hal_gpio.o
                0x0000000008000ecc                HAL_GPIO_WritePin
 .text.HAL_RCC_OscConfig
                0x0000000008000efc      0x504 ./Drivers/STM32F1xx_HAL_Driver/Src/stm32f1xx_hal_rcc.o
                0x0000000008000efc                HAL_RCC_OscConfig
 .text.HAL_RCC_ClockConfig
                0x0000000008001400      0x1d4 ./Drivers/STM32F1xx_HAL_Driver/Src/stm32f1xx_hal_rcc.o
                0x0000000008001400                HAL_RCC_ClockConfig
 .text.HAL_RCC_GetSysClockFreq
                0x00000000080015d4       0xa8 ./Drivers/STM32F1xx_HAL_Driver/Src/stm32f1xx_hal_rcc.o
                0x00000000080015d4                HAL_RCC_GetSysClockFreq
 .text.HAL_RCC_GetHCLKFreq
                0x000000000800167c       0x14 ./Drivers/STM32F1xx_HAL_Driver/Src/stm32f1xx_hal_rcc.o
                0x000000000800167c                HAL_RCC_GetHCLKFreq
 .text.RCC_Delay
                0x0000000008001690       0x3c ./Drivers/STM32F1xx_HAL_Driver/Src/stm32f1xx_hal_rcc.o
 .text.__errno  0x00000000080016cc        0xc d:/arm_stm32_church/stm_tools/stm32cubeide/stm32cubeide_1.12.1/stm32cubeide/plugins/com.st.stm32cube.ide.mcu.externaltools.gnu-tools-for-stm32.10.3-2021.10.win32_1.0.200.202301161003/tools/bin/../lib/gcc/arm-none-eabi/10.3.1/../../../../arm-none-eabi/lib/thumb/v7-m/nofp\libc_nano.a(lib_a-errno.o)
                0x00000000080016cc                __errno
 .text.__libc_init_array
                0x00000000080016d8       0x48 d:/arm_stm32_church/stm_tools/stm32cubeide/stm32cubeide_1.12.1/stm32cubeide/plugins/com.st.stm32cube.ide.mcu.externaltools.gnu-tools-for-stm32.10.3-2021.10.win32_1.0.200.202301161003/tools/bin/../lib/gcc/arm-none-eabi/10.3.1/../../../../arm-none-eabi/lib/thumb/v7-m/nofp\libc_nano.a(lib_a-init.o)
                0x00000000080016d8                __libc_init_array
 .text.memset   0x0000000008001720       0x10 d:/arm_stm32_church/stm_tools/stm32cubeide/stm32cubeide_1.12.1/stm32cubeide/plugins/com.st.stm32cube.ide.mcu.externaltools.gnu-tools-for-stm32.10.3-2021.10.win32_1.0.200.202301161003/tools/bin/../lib/gcc/arm-none-eabi/10.3.1/../../../../arm-none-eabi/lib/thumb/v7-m/nofp\libc_nano.a(lib_a-memset.o)
                0x0000000008001720                memset
 .text.sprintf  0x0000000008001730       0x40 d:/arm_stm32_church/stm_tools/stm32cubeide/stm32cubeide_1.12.1/stm32cubeide/plugins/com.st.stm32cube.ide.mcu.externaltools.gnu-tools-for-stm32.10.3-2021.10.win32_1.0.200.202301161003/tools/bin/../lib/gcc/arm-none-eabi/10.3.1/../../../../arm-none-eabi/lib/thumb/v7-m/nofp\libc_nano.a(lib_a-sprintf.o)
                0x0000000008001730                siprintf
                0x0000000008001730                sprintf
 .text.__ssputs_r
                0x0000000008001770       0xb6 d:/arm_stm32_church/stm_tools/stm32cubeide/stm32cubeide_1.12.1/stm32cubeide/plugins/com.st.stm32cube.ide.mcu.externaltools.gnu-tools-for-stm32.10.3-2021.10.win32_1.0.200.202301161003/tools/bin/../lib/gcc/arm-none-eabi/10.3.1/../../../../arm-none-eabi/lib/thumb/v7-m/nofp\libc_nano.a(lib_a-nano-svfprintf.o)
                0x0000000008001770                __ssputs_r
 *fill*         0x0000000008001826        0x2 
 .text._svfprintf_r
                0x0000000008001828      0x200 d:/arm_stm32_church/stm_tools/stm32cubeide/stm32cubeide_1.12.1/stm32cubeide/plugins/com.st.stm32cube.ide.mcu.externaltools.gnu-tools-for-stm32.10.3-2021.10.win32_1.0.200.202301161003/tools/bin/../lib/gcc/arm-none-eabi/10.3.1/../../../../arm-none-eabi/lib/thumb/v7-m/nofp\libc_nano.a(lib_a-nano-svfprintf.o)
                0x0000000008001828                _svfiprintf_r
                0x0000000008001828                _svfprintf_r
 .text._printf_common
                0x0000000008001a28       0xde d:/arm_stm32_church/stm_tools/stm32cubeide/stm32cubeide_1.12.1/stm32cubeide/plugins/com.st.stm32cube.ide.mcu.externaltools.gnu-tools-for-stm32.10.3-2021.10.win32_1.0.200.202301161003/tools/bin/../lib/gcc/arm-none-eabi/10.3.1/../../../../arm-none-eabi/lib/thumb/v7-m/nofp\libc_nano.a(lib_a-nano-vfprintf_i.o)
                0x0000000008001a28                _printf_common
 *fill*         0x0000000008001b06        0x2 
 .text._printf_i
                0x0000000008001b08      0x24c d:/arm_stm32_church/stm_tools/stm32cubeide/stm32cubeide_1.12.1/stm32cubeide/plugins/com.st.stm32cube.ide.mcu.externaltools.gnu-tools-for-stm32.10.3-2021.10.win32_1.0.200.202301161003/tools/bin/../lib/gcc/arm-none-eabi/10.3.1/../../../../arm-none-eabi/lib/thumb/v7-m/nofp\libc_nano.a(lib_a-nano-vfprintf_i.o)
                0x0000000008001b08                _printf_i
 .text.memchr   0x0000000008001d54       0x1c d:/arm_stm32_church/stm_tools/stm32cubeide/stm32cubeide_1.12.1/stm32cubeide/plugins/com.st.stm32cube.ide.mcu.externaltools.gnu-tools-for-stm32.10.3-2021.10.win32_1.0.200.202301161003/tools/bin/../lib/gcc/arm-none-eabi/10.3.1/../../../../arm-none-eabi/lib/thumb/v7-m/nofp\libc_nano.a(lib_a-memchr-stub.o)
                0x0000000008001d54                memchr
 .text.memcpy   0x0000000008001d70       0x1c d:/arm_stm32_church/stm_tools/stm32cubeide/stm32cubeide_1.12.1/stm32cubeide/plugins/com.st.stm32cube.ide.mcu.externaltools.gnu-tools-for-stm32.10.3-2021.10.win32_1.0.200.202301161003/tools/bin/../lib/gcc/arm-none-eabi/10.3.1/../../../../arm-none-eabi/lib/thumb/v7-m/nofp\libc_nano.a(lib_a-memcpy-stub.o)
                0x0000000008001d70                memcpy
 .text.memmove  0x0000000008001d8c       0x34 d:/arm_stm32_church/stm_tools/stm32cubeide/stm32cubeide_1.12.1/stm32cubeide/plugins/com.st.stm32cube.ide.mcu.externaltools.gnu-tools-for-stm32.10.3-2021.10.win32_1.0.200.202301161003/tools/bin/../lib/gcc/arm-none-eabi/10.3.1/../../../../arm-none-eabi/lib/thumb/v7-m/nofp\libc_nano.a(lib_a-memmove.o)
                0x0000000008001d8c                memmove
 .text._free_r  0x0000000008001dc0       0x90 d:/arm_stm32_church/stm_tools/stm32cubeide/stm32cubeide_1.12.1/stm32cubeide/plugins/com.st.stm32cube.ide.mcu.externaltools.gnu-tools-for-stm32.10.3-2021.10.win32_1.0.200.202301161003/tools/bin/../lib/gcc/arm-none-eabi/10.3.1/../../../../arm-none-eabi/lib/thumb/v7-m/nofp\libc_nano.a(lib_a-nano-freer.o)
                0x0000000008001dc0                _free_r
 .text.sbrk_aligned
                0x0000000008001e50       0x40 d:/arm_stm32_church/stm_tools/stm32cubeide/stm32cubeide_1.12.1/stm32cubeide/plugins/com.st.stm32cube.ide.mcu.externaltools.gnu-tools-for-stm32.10.3-2021.10.win32_1.0.200.202301161003/tools/bin/../lib/gcc/arm-none-eabi/10.3.1/../../../../arm-none-eabi/lib/thumb/v7-m/nofp\libc_nano.a(lib_a-nano-mallocr.o)
 .text._malloc_r
                0x0000000008001e90       0xe8 d:/arm_stm32_church/stm_tools/stm32cubeide/stm32cubeide_1.12.1/stm32cubeide/plugins/com.st.stm32cube.ide.mcu.externaltools.gnu-tools-for-stm32.10.3-2021.10.win32_1.0.200.202301161003/tools/bin/../lib/gcc/arm-none-eabi/10.3.1/../../../../arm-none-eabi/lib/thumb/v7-m/nofp\libc_nano.a(lib_a-nano-mallocr.o)
                0x0000000008001e90                _malloc_r
 .text._realloc_r
                0x0000000008001f78       0x5e d:/arm_stm32_church/stm_tools/stm32cubeide/stm32cubeide_1.12.1/stm32cubeide/plugins/com.st.stm32cube.ide.mcu.externaltools.gnu-tools-for-stm32.10.3-2021.10.win32_1.0.200.202301161003/tools/bin/../lib/gcc/arm-none-eabi/10.3.1/../../../../arm-none-eabi/lib/thumb/v7-m/nofp\libc_nano.a(lib_a-nano-reallocr.o)
                0x0000000008001f78                _realloc_r
 *fill*         0x0000000008001fd6        0x2 
 .text._sbrk_r  0x0000000008001fd8       0x20 d:/arm_stm32_church/stm_tools/stm32cubeide/stm32cubeide_1.12.1/stm32cubeide/plugins/com.st.stm32cube.ide.mcu.externaltools.gnu-tools-for-stm32.10.3-2021.10.win32_1.0.200.202301161003/tools/bin/../lib/gcc/arm-none-eabi/10.3.1/../../../../arm-none-eabi/lib/thumb/v7-m/nofp\libc_nano.a(lib_a-sbrkr.o)
                0x0000000008001fd8                _sbrk_r
 .text.__malloc_lock
                0x0000000008001ff8        0xc d:/arm_stm32_church/stm_tools/stm32cubeide/stm32cubeide_1.12.1/stm32cubeide/plugins/com.st.stm32cube.ide.mcu.externaltools.gnu-tools-for-stm32.10.3-2021.10.win32_1.0.200.202301161003/tools/bin/../lib/gcc/arm-none-eabi/10.3.1/../../../../arm-none-eabi/lib/thumb/v7-m/nofp\libc_nano.a(lib_a-mlock.o)
                0x0000000008001ff8                __malloc_lock
 .text.__malloc_unlock
                0x0000000008002004        0xc d:/arm_stm32_church/stm_tools/stm32cubeide/stm32cubeide_1.12.1/stm32cubeide/plugins/com.st.stm32cube.ide.mcu.externaltools.gnu-tools-for-stm32.10.3-2021.10.win32_1.0.200.202301161003/tools/bin/../lib/gcc/arm-none-eabi/10.3.1/../../../../arm-none-eabi/lib/thumb/v7-m/nofp\libc_nano.a(lib_a-mlock.o)
                0x0000000008002004                __malloc_unlock
 .text._malloc_usable_size_r
                0x0000000008002010       0x10 d:/arm_stm32_church/stm_tools/stm32cubeide/stm32cubeide_1.12.1/stm32cubeide/plugins/com.st.stm32cube.ide.mcu.externaltools.gnu-tools-for-stm32.10.3-2021.10.win32_1.0.200.202301161003/tools/bin/../lib/gcc/arm-none-eabi/10.3.1/../../../../arm-none-eabi/lib/thumb/v7-m/nofp\libc_nano.a(lib_a-nano-msizer.o)
                0x0000000008002010                _malloc_usable_size_r
 .text.__retarget_lock_acquire_recursive
                0x0000000008002020        0x2 d:/arm_stm32_church/stm_tools/stm32cubeide/stm32cubeide_1.12.1/stm32cubeide/plugins/com.st.stm32cube.ide.mcu.externaltools.gnu-tools-for-stm32.10.3-2021.10.win32_1.0.200.202301161003/tools/bin/../lib/gcc/arm-none-eabi/10.3.1/../../../../arm-none-eabi/lib/thumb/v7-m/nofp\libc_nano.a(lib_a-lock.o)
                0x0000000008002020                __retarget_lock_acquire_recursive
 .text.__retarget_lock_release_recursive
                0x0000000008002022        0x2 d:/arm_stm32_church/stm_tools/stm32cubeide/stm32cubeide_1.12.1/stm32cubeide/plugins/com.st.stm32cube.ide.mcu.externaltools.gnu-tools-for-stm32.10.3-2021.10.win32_1.0.200.202301161003/tools/bin/../lib/gcc/arm-none-eabi/10.3.1/../../../../arm-none-eabi/lib/thumb/v7-m/nofp\libc_nano.a(lib_a-lock.o)
                0x0000000008002022                __retarget_lock_release_recursive
 *(.glue_7)
 .glue_7        0x0000000008002024        0x0 linker stubs
 *(.glue_7t)
 .glue_7t       0x0000000008002024        0x0 linker stubs
 *(.eh_frame)
 .eh_frame      0x0000000008002024        0x0 d:/arm_stm32_church/stm_tools/stm32cubeide/stm32cubeide_1.12.1/stm32cubeide/plugins/com.st.stm32cube.ide.mcu.externaltools.gnu-tools-for-stm32.10.3-2021.10.win32_1.0.200.202301161003/tools/bin/../lib/gcc/arm-none-eabi/10.3.1/thumb/v7-m/nofp/crtbegin.o
 *(.init)
 .init          0x0000000008002024        0x4 d:/arm_stm32_church/stm_tools/stm32cubeide/stm32cubeide_1.12.1/stm32cubeide/plugins/com.st.stm32cube.ide.mcu.externaltools.gnu-tools-for-stm32.10.3-2021.10.win32_1.0.200.202301161003/tools/bin/../lib/gcc/arm-none-eabi/10.3.1/thumb/v7-m/nofp/crti.o
                0x0000000008002024                _init
 .init          0x0000000008002028        0x8 d:/arm_stm32_church/stm_tools/stm32cubeide/stm32cubeide_1.12.1/stm32cubeide/plugins/com.st.stm32cube.ide.mcu.externaltools.gnu-tools-for-stm32.10.3-2021.10.win32_1.0.200.202301161003/tools/bin/../lib/gcc/arm-none-eabi/10.3.1/thumb/v7-m/nofp/crtn.o
 *(.fini)
 .fini          0x0000000008002030        0x4 d:/arm_stm32_church/stm_tools/stm32cubeide/stm32cubeide_1.12.1/stm32cubeide/plugins/com.st.stm32cube.ide.mcu.externaltools.gnu-tools-for-stm32.10.3-2021.10.win32_1.0.200.202301161003/tools/bin/../lib/gcc/arm-none-eabi/10.3.1/thumb/v7-m/nofp/crti.o
                0x0000000008002030                _fini
 .fini          0x0000000008002034        0x8 d:/arm_stm32_church/stm_tools/stm32cubeide/stm32cubeide_1.12.1/stm32cubeide/plugins/com.st.stm32cube.ide.mcu.externaltools.gnu-tools-for-stm32.10.3-2021.10.win32_1.0.200.202301161003/tools/bin/../lib/gcc/arm-none-eabi/10.3.1/thumb/v7-m/nofp/crtn.o
                0x000000000800203c                . = ALIGN (0x4)
                0x000000000800203c                _etext = .

.vfp11_veneer   0x000000000800203c        0x0
 .vfp11_veneer  0x000000000800203c        0x0 linker stubs

.v4_bx          0x000000000800203c        0x0
 .v4_bx         0x000000000800203c        0x0 linker stubs

.iplt           0x000000000800203c        0x0
 .iplt          0x000000000800203c        0x0 d:/arm_stm32_church/stm_tools/stm32cubeide/stm32cubeide_1.12.1/stm32cubeide/plugins/com.st.stm32cube.ide.mcu.externaltools.gnu-tools-for-stm32.10.3-2021.10.win32_1.0.200.202301161003/tools/bin/../lib/gcc/arm-none-eabi/10.3.1/thumb/v7-m/nofp/crtbegin.o

.rodata         0x000000000800203c       0x68
                0x000000000800203c                . = ALIGN (0x4)
 *(.rodata)
 .rodata        0x000000000800203c        0xf ./Core/Src/main.o
 *(.rodata*)
 *fill*         0x000000000800204b        0x1 
 .rodata.AHBPrescTable
                0x000000000800204c       0x10 ./Core/Src/system_stm32f1xx.o
                0x000000000800204c                AHBPrescTable
 .rodata.aPLLMULFactorTable.1
                0x000000000800205c       0x10 ./Drivers/STM32F1xx_HAL_Driver/Src/stm32f1xx_hal_rcc.o
 .rodata.aPredivFactorTable.0
                0x000000000800206c        0x2 ./Drivers/STM32F1xx_HAL_Driver/Src/stm32f1xx_hal_rcc.o
 .rodata._svfprintf_r.str1.1
                0x000000000800206e       0x11 d:/arm_stm32_church/stm_tools/stm32cubeide/stm32cubeide_1.12.1/stm32cubeide/plugins/com.st.stm32cube.ide.mcu.externaltools.gnu-tools-for-stm32.10.3-2021.10.win32_1.0.200.202301161003/tools/bin/../lib/gcc/arm-none-eabi/10.3.1/../../../../arm-none-eabi/lib/thumb/v7-m/nofp\libc_nano.a(lib_a-nano-svfprintf.o)
 .rodata._printf_i.str1.1
                0x000000000800207f       0x22 d:/arm_stm32_church/stm_tools/stm32cubeide/stm32cubeide_1.12.1/stm32cubeide/plugins/com.st.stm32cube.ide.mcu.externaltools.gnu-tools-for-stm32.10.3-2021.10.win32_1.0.200.202301161003/tools/bin/../lib/gcc/arm-none-eabi/10.3.1/../../../../arm-none-eabi/lib/thumb/v7-m/nofp\libc_nano.a(lib_a-nano-vfprintf_i.o)
                0x00000000080020a4                . = ALIGN (0x4)
 *fill*         0x00000000080020a1        0x3 

.rel.dyn        0x00000000080020a4        0x0
 .rel.iplt      0x00000000080020a4        0x0 d:/arm_stm32_church/stm_tools/stm32cubeide/stm32cubeide_1.12.1/stm32cubeide/plugins/com.st.stm32cube.ide.mcu.externaltools.gnu-tools-for-stm32.10.3-2021.10.win32_1.0.200.202301161003/tools/bin/../lib/gcc/arm-none-eabi/10.3.1/thumb/v7-m/nofp/crtbegin.o

.ARM.extab      0x00000000080020a4        0x0
                0x00000000080020a4                . = ALIGN (0x4)
 *(.ARM.extab* .gnu.linkonce.armextab.*)
                0x00000000080020a4                . = ALIGN (0x4)

.ARM            0x00000000080020a4        0x0
                0x00000000080020a4                . = ALIGN (0x4)
                0x00000000080020a4                __exidx_start = .
 *(.ARM.exidx*)
                0x00000000080020a4                __exidx_end = .
                0x00000000080020a4                . = ALIGN (0x4)

.preinit_array  0x00000000080020a4        0x0
                0x00000000080020a4                . = ALIGN (0x4)
                0x00000000080020a4                PROVIDE (__preinit_array_start = .)
 *(.preinit_array*)
                0x00000000080020a4                PROVIDE (__preinit_array_end = .)
                0x00000000080020a4                . = ALIGN (0x4)

.init_array     0x00000000080020a4        0x4
                0x00000000080020a4                . = ALIGN (0x4)
                0x00000000080020a4                PROVIDE (__init_array_start = .)
 *(SORT_BY_NAME(.init_array.*))
 *(.init_array*)
 .init_array    0x00000000080020a4        0x4 d:/arm_stm32_church/stm_tools/stm32cubeide/stm32cubeide_1.12.1/stm32cubeide/plugins/com.st.stm32cube.ide.mcu.externaltools.gnu-tools-for-stm32.10.3-2021.10.win32_1.0.200.202301161003/tools/bin/../lib/gcc/arm-none-eabi/10.3.1/thumb/v7-m/nofp/crtbegin.o
                0x00000000080020a8                PROVIDE (__init_array_end = .)
                0x00000000080020a8                . = ALIGN (0x4)

.fini_array     0x00000000080020a8        0x4
                0x00000000080020a8                . = ALIGN (0x4)
                [!provide]                        PROVIDE (__fini_array_start = .)
 *(SORT_BY_NAME(.fini_array.*))
 *(.fini_array*)
 .fini_array    0x00000000080020a8        0x4 d:/arm_stm32_church/stm_tools/stm32cubeide/stm32cubeide_1.12.1/stm32cubeide/plugins/com.st.stm32cube.ide.mcu.externaltools.gnu-tools-for-stm32.10.3-2021.10.win32_1.0.200.202301161003/tools/bin/../lib/gcc/arm-none-eabi/10.3.1/thumb/v7-m/nofp/crtbegin.o
                [!provide]                        PROVIDE (__fini_array_end = .)
                0x00000000080020ac                . = ALIGN (0x4)
                0x00000000080020ac                _sidata = LOADADDR (.data)

.data           0x0000000020000000       0x90 load address 0x00000000080020ac
                0x0000000020000000                . = ALIGN (0x4)
                0x0000000020000000                _sdata = .
 *(.data)
 *(.data*)
 .data.my_Lcd   0x0000000020000000       0x20 ./Core/Src/main.o
                0x0000000020000000                my_Lcd
 .data.SystemCoreClock
                0x0000000020000020        0x4 ./Core/Src/system_stm32f1xx.o
                0x0000000020000020                SystemCoreClock
 .data.uwTickPrio
                0x0000000020000024        0x4 ./Drivers/STM32F1xx_HAL_Driver/Src/stm32f1xx_hal.o
                0x0000000020000024                uwTickPrio
 .data.uwTickFreq
                0x0000000020000028        0x1 ./Drivers/STM32F1xx_HAL_Driver/Src/stm32f1xx_hal.o
                0x0000000020000028                uwTickFreq
 *fill*         0x0000000020000029        0x3 
 .data._impure_ptr
                0x000000002000002c        0x4 d:/arm_stm32_church/stm_tools/stm32cubeide/stm32cubeide_1.12.1/stm32cubeide/plugins/com.st.stm32cube.ide.mcu.externaltools.gnu-tools-for-stm32.10.3-2021.10.win32_1.0.200.202301161003/tools/bin/../lib/gcc/arm-none-eabi/10.3.1/../../../../arm-none-eabi/lib/thumb/v7-m/nofp\libc_nano.a(lib_a-impure.o)
                0x000000002000002c                _impure_ptr
 .data.impure_data
                0x0000000020000030       0x60 d:/arm_stm32_church/stm_tools/stm32cubeide/stm32cubeide_1.12.1/stm32cubeide/plugins/com.st.stm32cube.ide.mcu.externaltools.gnu-tools-for-stm32.10.3-2021.10.win32_1.0.200.202301161003/tools/bin/../lib/gcc/arm-none-eabi/10.3.1/../../../../arm-none-eabi/lib/thumb/v7-m/nofp\libc_nano.a(lib_a-impure.o)
 *(.RamFunc)
 *(.RamFunc*)
                0x0000000020000090                . = ALIGN (0x4)
                0x0000000020000090                _edata = .

.igot.plt       0x0000000020000090        0x0 load address 0x000000000800213c
 .igot.plt      0x0000000020000090        0x0 d:/arm_stm32_church/stm_tools/stm32cubeide/stm32cubeide_1.12.1/stm32cubeide/plugins/com.st.stm32cube.ide.mcu.externaltools.gnu-tools-for-stm32.10.3-2021.10.win32_1.0.200.202301161003/tools/bin/../lib/gcc/arm-none-eabi/10.3.1/thumb/v7-m/nofp/crtbegin.o
                0x0000000020000090                . = ALIGN (0x4)

.bss            0x0000000020000090       0x38 load address 0x000000000800213c
                0x0000000020000090                _sbss = .
                0x0000000020000090                __bss_start__ = _sbss
 *(.bss)
 .bss           0x0000000020000090       0x1c d:/arm_stm32_church/stm_tools/stm32cubeide/stm32cubeide_1.12.1/stm32cubeide/plugins/com.st.stm32cube.ide.mcu.externaltools.gnu-tools-for-stm32.10.3-2021.10.win32_1.0.200.202301161003/tools/bin/../lib/gcc/arm-none-eabi/10.3.1/thumb/v7-m/nofp/crtbegin.o
 *(.bss*)
 .bss.HH        0x00000000200000ac        0x1 ./Core/Src/main.o
                0x00000000200000ac                HH
 .bss.MM        0x00000000200000ad        0x1 ./Core/Src/main.o
                0x00000000200000ad                MM
 .bss.SS        0x00000000200000ae        0x1 ./Core/Src/main.o
                0x00000000200000ae                SS
 *fill*         0x00000000200000af        0x1 
 .bss.__sbrk_heap_end
                0x00000000200000b0        0x4 ./Core/Src/sysmem.o
 .bss.uwTick    0x00000000200000b4        0x4 ./Drivers/STM32F1xx_HAL_Driver/Src/stm32f1xx_hal.o
                0x00000000200000b4                uwTick
 .bss.__malloc_free_list
                0x00000000200000b8        0x4 d:/arm_stm32_church/stm_tools/stm32cubeide/stm32cubeide_1.12.1/stm32cubeide/plugins/com.st.stm32cube.ide.mcu.externaltools.gnu-tools-for-stm32.10.3-2021.10.win32_1.0.200.202301161003/tools/bin/../lib/gcc/arm-none-eabi/10.3.1/../../../../arm-none-eabi/lib/thumb/v7-m/nofp\libc_nano.a(lib_a-nano-mallocr.o)
                0x00000000200000b8                __malloc_free_list
 .bss.__malloc_sbrk_start
                0x00000000200000bc        0x4 d:/arm_stm32_church/stm_tools/stm32cubeide/stm32cubeide_1.12.1/stm32cubeide/plugins/com.st.stm32cube.ide.mcu.externaltools.gnu-tools-for-stm32.10.3-2021.10.win32_1.0.200.202301161003/tools/bin/../lib/gcc/arm-none-eabi/10.3.1/../../../../arm-none-eabi/lib/thumb/v7-m/nofp\libc_nano.a(lib_a-nano-mallocr.o)
                0x00000000200000bc                __malloc_sbrk_start
 .bss.errno     0x00000000200000c0        0x4 d:/arm_stm32_church/stm_tools/stm32cubeide/stm32cubeide_1.12.1/stm32cubeide/plugins/com.st.stm32cube.ide.mcu.externaltools.gnu-tools-for-stm32.10.3-2021.10.win32_1.0.200.202301161003/tools/bin/../lib/gcc/arm-none-eabi/10.3.1/../../../../arm-none-eabi/lib/thumb/v7-m/nofp\libc_nano.a(lib_a-reent.o)
                0x00000000200000c0                errno
 .bss.__lock___malloc_recursive_mutex
                0x00000000200000c4        0x1 d:/arm_stm32_church/stm_tools/stm32cubeide/stm32cubeide_1.12.1/stm32cubeide/plugins/com.st.stm32cube.ide.mcu.externaltools.gnu-tools-for-stm32.10.3-2021.10.win32_1.0.200.202301161003/tools/bin/../lib/gcc/arm-none-eabi/10.3.1/../../../../arm-none-eabi/lib/thumb/v7-m/nofp\libc_nano.a(lib_a-lock.o)
                0x00000000200000c4                __lock___malloc_recursive_mutex
 *(COMMON)
                0x00000000200000c8                . = ALIGN (0x4)
 *fill*         0x00000000200000c5        0x3 
                0x00000000200000c8                _ebss = .
                0x00000000200000c8                __bss_end__ = _ebss

._user_heap_stack
                0x00000000200000c8      0x600 load address 0x000000000800213c
                0x00000000200000c8                . = ALIGN (0x8)
                [!provide]                        PROVIDE (end = .)
                0x00000000200000c8                PROVIDE (_end = .)
                0x00000000200002c8                . = (. + _Min_Heap_Size)
 *fill*         0x00000000200000c8      0x200 
                0x00000000200006c8                . = (. + _Min_Stack_Size)
 *fill*         0x00000000200002c8      0x400 
                0x00000000200006c8                . = ALIGN (0x8)

/DISCARD/
 libc.a(*)
 libm.a(*)
 libgcc.a(*)

.ARM.attributes
                0x0000000000000000       0x29
 *(.ARM.attributes)
 .ARM.attributes
                0x0000000000000000       0x1d d:/arm_stm32_church/stm_tools/stm32cubeide/stm32cubeide_1.12.1/stm32cubeide/plugins/com.st.stm32cube.ide.mcu.externaltools.gnu-tools-for-stm32.10.3-2021.10.win32_1.0.200.202301161003/tools/bin/../lib/gcc/arm-none-eabi/10.3.1/thumb/v7-m/nofp/crti.o
 .ARM.attributes
                0x000000000000001d       0x2d d:/arm_stm32_church/stm_tools/stm32cubeide/stm32cubeide_1.12.1/stm32cubeide/plugins/com.st.stm32cube.ide.mcu.externaltools.gnu-tools-for-stm32.10.3-2021.10.win32_1.0.200.202301161003/tools/bin/../lib/gcc/arm-none-eabi/10.3.1/thumb/v7-m/nofp/crtbegin.o
 .ARM.attributes
                0x000000000000004a       0x2d ./Core/Src/main.o
 .ARM.attributes
                0x0000000000000077       0x2d ./Core/Src/stm32f1xx_hal_msp.o
 .ARM.attributes
                0x00000000000000a4       0x2d ./Core/Src/stm32f1xx_it.o
 .ARM.attributes
                0x00000000000000d1       0x2d ./Core/Src/sysmem.o
 .ARM.attributes
                0x00000000000000fe       0x2d ./Core/Src/system_stm32f1xx.o
 .ARM.attributes
                0x000000000000012b       0x21 ./Core/Startup/startup_stm32f103c8tx.o
 .ARM.attributes
                0x000000000000014c       0x2d ./Drivers/ARM_Drivers/Delay_Micros/dwt_stm32_delay.o
 .ARM.attributes
                0x0000000000000179       0x2d ./Drivers/Device_Drivers/LCD/HD44780_LCD.o
 .ARM.attributes
                0x00000000000001a6       0x2d ./Drivers/STM32F1xx_HAL_Driver/Src/stm32f1xx_hal.o
 .ARM.attributes
                0x00000000000001d3       0x2d ./Drivers/STM32F1xx_HAL_Driver/Src/stm32f1xx_hal_cortex.o
 .ARM.attributes
                0x0000000000000200       0x2d ./Drivers/STM32F1xx_HAL_Driver/Src/stm32f1xx_hal_gpio.o
 .ARM.attributes
                0x000000000000022d       0x2d ./Drivers/STM32F1xx_HAL_Driver/Src/stm32f1xx_hal_rcc.o
 .ARM.attributes
                0x000000000000025a       0x2d d:/arm_stm32_church/stm_tools/stm32cubeide/stm32cubeide_1.12.1/stm32cubeide/plugins/com.st.stm32cube.ide.mcu.externaltools.gnu-tools-for-stm32.10.3-2021.10.win32_1.0.200.202301161003/tools/bin/../lib/gcc/arm-none-eabi/10.3.1/../../../../arm-none-eabi/lib/thumb/v7-m/nofp\libc_nano.a(lib_a-errno.o)
 .ARM.attributes
                0x0000000000000287       0x2d d:/arm_stm32_church/stm_tools/stm32cubeide/stm32cubeide_1.12.1/stm32cubeide/plugins/com.st.stm32cube.ide.mcu.externaltools.gnu-tools-for-stm32.10.3-2021.10.win32_1.0.200.202301161003/tools/bin/../lib/gcc/arm-none-eabi/10.3.1/../../../../arm-none-eabi/lib/thumb/v7-m/nofp\libc_nano.a(lib_a-impure.o)
 .ARM.attributes
                0x00000000000002b4       0x2d d:/arm_stm32_church/stm_tools/stm32cubeide/stm32cubeide_1.12.1/stm32cubeide/plugins/com.st.stm32cube.ide.mcu.externaltools.gnu-tools-for-stm32.10.3-2021.10.win32_1.0.200.202301161003/tools/bin/../lib/gcc/arm-none-eabi/10.3.1/../../../../arm-none-eabi/lib/thumb/v7-m/nofp\libc_nano.a(lib_a-init.o)
 .ARM.attributes
                0x00000000000002e1       0x2d d:/arm_stm32_church/stm_tools/stm32cubeide/stm32cubeide_1.12.1/stm32cubeide/plugins/com.st.stm32cube.ide.mcu.externaltools.gnu-tools-for-stm32.10.3-2021.10.win32_1.0.200.202301161003/tools/bin/../lib/gcc/arm-none-eabi/10.3.1/../../../../arm-none-eabi/lib/thumb/v7-m/nofp\libc_nano.a(lib_a-memset.o)
 .ARM.attributes
                0x000000000000030e       0x2d d:/arm_stm32_church/stm_tools/stm32cubeide/stm32cubeide_1.12.1/stm32cubeide/plugins/com.st.stm32cube.ide.mcu.externaltools.gnu-tools-for-stm32.10.3-2021.10.win32_1.0.200.202301161003/tools/bin/../lib/gcc/arm-none-eabi/10.3.1/../../../../arm-none-eabi/lib/thumb/v7-m/nofp\libc_nano.a(lib_a-sprintf.o)
 .ARM.attributes
                0x000000000000033b       0x2d d:/arm_stm32_church/stm_tools/stm32cubeide/stm32cubeide_1.12.1/stm32cubeide/plugins/com.st.stm32cube.ide.mcu.externaltools.gnu-tools-for-stm32.10.3-2021.10.win32_1.0.200.202301161003/tools/bin/../lib/gcc/arm-none-eabi/10.3.1/../../../../arm-none-eabi/lib/thumb/v7-m/nofp\libc_nano.a(lib_a-nano-svfprintf.o)
 .ARM.attributes
                0x0000000000000368       0x2d d:/arm_stm32_church/stm_tools/stm32cubeide/stm32cubeide_1.12.1/stm32cubeide/plugins/com.st.stm32cube.ide.mcu.externaltools.gnu-tools-for-stm32.10.3-2021.10.win32_1.0.200.202301161003/tools/bin/../lib/gcc/arm-none-eabi/10.3.1/../../../../arm-none-eabi/lib/thumb/v7-m/nofp\libc_nano.a(lib_a-nano-vfprintf_i.o)
 .ARM.attributes
                0x0000000000000395       0x2d d:/arm_stm32_church/stm_tools/stm32cubeide/stm32cubeide_1.12.1/stm32cubeide/plugins/com.st.stm32cube.ide.mcu.externaltools.gnu-tools-for-stm32.10.3-2021.10.win32_1.0.200.202301161003/tools/bin/../lib/gcc/arm-none-eabi/10.3.1/../../../../arm-none-eabi/lib/thumb/v7-m/nofp\libc_nano.a(lib_a-memchr-stub.o)
 .ARM.attributes
                0x00000000000003c2       0x2d d:/arm_stm32_church/stm_tools/stm32cubeide/stm32cubeide_1.12.1/stm32cubeide/plugins/com.st.stm32cube.ide.mcu.externaltools.gnu-tools-for-stm32.10.3-2021.10.win32_1.0.200.202301161003/tools/bin/../lib/gcc/arm-none-eabi/10.3.1/../../../../arm-none-eabi/lib/thumb/v7-m/nofp\libc_nano.a(lib_a-memcpy-stub.o)
 .ARM.attributes
                0x00000000000003ef       0x2d d:/arm_stm32_church/stm_tools/stm32cubeide/stm32cubeide_1.12.1/stm32cubeide/plugins/com.st.stm32cube.ide.mcu.externaltools.gnu-tools-for-stm32.10.3-2021.10.win32_1.0.200.202301161003/tools/bin/../lib/gcc/arm-none-eabi/10.3.1/../../../../arm-none-eabi/lib/thumb/v7-m/nofp\libc_nano.a(lib_a-memmove.o)
 .ARM.attributes
                0x000000000000041c       0x2d d:/arm_stm32_church/stm_tools/stm32cubeide/stm32cubeide_1.12.1/stm32cubeide/plugins/com.st.stm32cube.ide.mcu.externaltools.gnu-tools-for-stm32.10.3-2021.10.win32_1.0.200.202301161003/tools/bin/../lib/gcc/arm-none-eabi/10.3.1/../../../../arm-none-eabi/lib/thumb/v7-m/nofp\libc_nano.a(lib_a-nano-freer.o)
 .ARM.attributes
                0x0000000000000449       0x2d d:/arm_stm32_church/stm_tools/stm32cubeide/stm32cubeide_1.12.1/stm32cubeide/plugins/com.st.stm32cube.ide.mcu.externaltools.gnu-tools-for-stm32.10.3-2021.10.win32_1.0.200.202301161003/tools/bin/../lib/gcc/arm-none-eabi/10.3.1/../../../../arm-none-eabi/lib/thumb/v7-m/nofp\libc_nano.a(lib_a-nano-mallocr.o)
 .ARM.attributes
                0x0000000000000476       0x2d d:/arm_stm32_church/stm_tools/stm32cubeide/stm32cubeide_1.12.1/stm32cubeide/plugins/com.st.stm32cube.ide.mcu.externaltools.gnu-tools-for-stm32.10.3-2021.10.win32_1.0.200.202301161003/tools/bin/../lib/gcc/arm-none-eabi/10.3.1/../../../../arm-none-eabi/lib/thumb/v7-m/nofp\libc_nano.a(lib_a-nano-reallocr.o)
 .ARM.attributes
                0x00000000000004a3       0x2d d:/arm_stm32_church/stm_tools/stm32cubeide/stm32cubeide_1.12.1/stm32cubeide/plugins/com.st.stm32cube.ide.mcu.externaltools.gnu-tools-for-stm32.10.3-2021.10.win32_1.0.200.202301161003/tools/bin/../lib/gcc/arm-none-eabi/10.3.1/../../../../arm-none-eabi/lib/thumb/v7-m/nofp\libc_nano.a(lib_a-sbrkr.o)
 .ARM.attributes
                0x00000000000004d0       0x2d d:/arm_stm32_church/stm_tools/stm32cubeide/stm32cubeide_1.12.1/stm32cubeide/plugins/com.st.stm32cube.ide.mcu.externaltools.gnu-tools-for-stm32.10.3-2021.10.win32_1.0.200.202301161003/tools/bin/../lib/gcc/arm-none-eabi/10.3.1/../../../../arm-none-eabi/lib/thumb/v7-m/nofp\libc_nano.a(lib_a-mlock.o)
 .ARM.attributes
                0x00000000000004fd       0x2d d:/arm_stm32_church/stm_tools/stm32cubeide/stm32cubeide_1.12.1/stm32cubeide/plugins/com.st.stm32cube.ide.mcu.externaltools.gnu-tools-for-stm32.10.3-2021.10.win32_1.0.200.202301161003/tools/bin/../lib/gcc/arm-none-eabi/10.3.1/../../../../arm-none-eabi/lib/thumb/v7-m/nofp\libc_nano.a(lib_a-nano-msizer.o)
 .ARM.attributes
                0x000000000000052a       0x2d d:/arm_stm32_church/stm_tools/stm32cubeide/stm32cubeide_1.12.1/stm32cubeide/plugins/com.st.stm32cube.ide.mcu.externaltools.gnu-tools-for-stm32.10.3-2021.10.win32_1.0.200.202301161003/tools/bin/../lib/gcc/arm-none-eabi/10.3.1/../../../../arm-none-eabi/lib/thumb/v7-m/nofp\libc_nano.a(lib_a-reent.o)
 .ARM.attributes
                0x0000000000000557       0x2d d:/arm_stm32_church/stm_tools/stm32cubeide/stm32cubeide_1.12.1/stm32cubeide/plugins/com.st.stm32cube.ide.mcu.externaltools.gnu-tools-for-stm32.10.3-2021.10.win32_1.0.200.202301161003/tools/bin/../lib/gcc/arm-none-eabi/10.3.1/../../../../arm-none-eabi/lib/thumb/v7-m/nofp\libc_nano.a(lib_a-lock.o)
 .ARM.attributes
                0x0000000000000584       0x1d d:/arm_stm32_church/stm_tools/stm32cubeide/stm32cubeide_1.12.1/stm32cubeide/plugins/com.st.stm32cube.ide.mcu.externaltools.gnu-tools-for-stm32.10.3-2021.10.win32_1.0.200.202301161003/tools/bin/../lib/gcc/arm-none-eabi/10.3.1/thumb/v7-m/nofp/crtn.o
OUTPUT(LCD.elf elf32-littlearm)
LOAD linker stubs
LOAD d:/arm_stm32_church/stm_tools/stm32cubeide/stm32cubeide_1.12.1/stm32cubeide/plugins/com.st.stm32cube.ide.mcu.externaltools.gnu-tools-for-stm32.10.3-2021.10.win32_1.0.200.202301161003/tools/bin/../lib/gcc/arm-none-eabi/10.3.1/../../../../arm-none-eabi/lib/thumb/v7-m/nofp\libc.a
LOAD d:/arm_stm32_church/stm_tools/stm32cubeide/stm32cubeide_1.12.1/stm32cubeide/plugins/com.st.stm32cube.ide.mcu.externaltools.gnu-tools-for-stm32.10.3-2021.10.win32_1.0.200.202301161003/tools/bin/../lib/gcc/arm-none-eabi/10.3.1/../../../../arm-none-eabi/lib/thumb/v7-m/nofp\libm.a
LOAD d:/arm_stm32_church/stm_tools/stm32cubeide/stm32cubeide_1.12.1/stm32cubeide/plugins/com.st.stm32cube.ide.mcu.externaltools.gnu-tools-for-stm32.10.3-2021.10.win32_1.0.200.202301161003/tools/bin/../lib/gcc/arm-none-eabi/10.3.1/thumb/v7-m/nofp\libgcc.a

.debug_info     0x0000000000000000     0x389e
 .debug_info    0x0000000000000000      0x5ff ./Core/Src/main.o
 .debug_info    0x00000000000005ff      0x217 ./Core/Src/stm32f1xx_hal_msp.o
 .debug_info    0x0000000000000816      0x129 ./Core/Src/stm32f1xx_it.o
 .debug_info    0x000000000000093f      0x171 ./Core/Src/sysmem.o
 .debug_info    0x0000000000000ab0      0x23d ./Core/Src/system_stm32f1xx.o
 .debug_info    0x0000000000000ced       0x22 ./Core/Startup/startup_stm32f103c8tx.o
 .debug_info    0x0000000000000d0f      0x269 ./Drivers/ARM_Drivers/Delay_Micros/dwt_stm32_delay.o
 .debug_info    0x0000000000000f78      0x858 ./Drivers/Device_Drivers/LCD/HD44780_LCD.o
 .debug_info    0x00000000000017d0      0x734 ./Drivers/STM32F1xx_HAL_Driver/Src/stm32f1xx_hal.o
 .debug_info    0x0000000000001f04      0xb20 ./Drivers/STM32F1xx_HAL_Driver/Src/stm32f1xx_hal_cortex.o
 .debug_info    0x0000000000002a24      0x615 ./Drivers/STM32F1xx_HAL_Driver/Src/stm32f1xx_hal_gpio.o
 .debug_info    0x0000000000003039      0x865 ./Drivers/STM32F1xx_HAL_Driver/Src/stm32f1xx_hal_rcc.o

.debug_abbrev   0x0000000000000000     0x11c8
 .debug_abbrev  0x0000000000000000      0x26a ./Core/Src/main.o
 .debug_abbrev  0x000000000000026a       0xd4 ./Core/Src/stm32f1xx_hal_msp.o
 .debug_abbrev  0x000000000000033e       0x74 ./Core/Src/stm32f1xx_it.o
 .debug_abbrev  0x00000000000003b2       0xbb ./Core/Src/sysmem.o
 .debug_abbrev  0x000000000000046d      0x13b ./Core/Src/system_stm32f1xx.o
 .debug_abbrev  0x00000000000005a8       0x12 ./Core/Startup/startup_stm32f103c8tx.o
 .debug_abbrev  0x00000000000005ba       0xa7 ./Drivers/ARM_Drivers/Delay_Micros/dwt_stm32_delay.o
 .debug_abbrev  0x0000000000000661      0x21c ./Drivers/Device_Drivers/LCD/HD44780_LCD.o
 .debug_abbrev  0x000000000000087d      0x1fb ./Drivers/STM32F1xx_HAL_Driver/Src/stm32f1xx_hal.o
 .debug_abbrev  0x0000000000000a78      0x2ed ./Drivers/STM32F1xx_HAL_Driver/Src/stm32f1xx_hal_cortex.o
 .debug_abbrev  0x0000000000000d65      0x1bb ./Drivers/STM32F1xx_HAL_Driver/Src/stm32f1xx_hal_gpio.o
 .debug_abbrev  0x0000000000000f20      0x2a8 ./Drivers/STM32F1xx_HAL_Driver/Src/stm32f1xx_hal_rcc.o

.debug_aranges  0x0000000000000000      0x4b0
 .debug_aranges
                0x0000000000000000       0x38 ./Core/Src/main.o
 .debug_aranges
                0x0000000000000038       0x20 ./Core/Src/stm32f1xx_hal_msp.o
 .debug_aranges
                0x0000000000000058       0x60 ./Core/Src/stm32f1xx_it.o
 .debug_aranges
                0x00000000000000b8       0x20 ./Core/Src/sysmem.o
 .debug_aranges
                0x00000000000000d8       0x28 ./Core/Src/system_stm32f1xx.o
 .debug_aranges
                0x0000000000000100       0x28 ./Core/Startup/startup_stm32f103c8tx.o
 .debug_aranges
                0x0000000000000128       0x20 ./Drivers/ARM_Drivers/Delay_Micros/dwt_stm32_delay.o
 .debug_aranges
                0x0000000000000148       0xa0 ./Drivers/Device_Drivers/LCD/HD44780_LCD.o
 .debug_aranges
                0x00000000000001e8       0xe0 ./Drivers/STM32F1xx_HAL_Driver/Src/stm32f1xx_hal.o
 .debug_aranges
                0x00000000000002c8      0x100 ./Drivers/STM32F1xx_HAL_Driver/Src/stm32f1xx_hal_cortex.o
 .debug_aranges
                0x00000000000003c8       0x58 ./Drivers/STM32F1xx_HAL_Driver/Src/stm32f1xx_hal_gpio.o
 .debug_aranges
                0x0000000000000420       0x90 ./Drivers/STM32F1xx_HAL_Driver/Src/stm32f1xx_hal_rcc.o

.debug_ranges   0x0000000000000000      0x3f8
 .debug_ranges  0x0000000000000000       0x28 ./Core/Src/main.o
 .debug_ranges  0x0000000000000028       0x10 ./Core/Src/stm32f1xx_hal_msp.o
 .debug_ranges  0x0000000000000038       0x50 ./Core/Src/stm32f1xx_it.o
 .debug_ranges  0x0000000000000088       0x10 ./Core/Src/sysmem.o
 .debug_ranges  0x0000000000000098       0x18 ./Core/Src/system_stm32f1xx.o
 .debug_ranges  0x00000000000000b0       0x20 ./Core/Startup/startup_stm32f103c8tx.o
 .debug_ranges  0x00000000000000d0       0x10 ./Drivers/ARM_Drivers/Delay_Micros/dwt_stm32_delay.o
 .debug_ranges  0x00000000000000e0       0x90 ./Drivers/Device_Drivers/LCD/HD44780_LCD.o
 .debug_ranges  0x0000000000000170       0xd0 ./Drivers/STM32F1xx_HAL_Driver/Src/stm32f1xx_hal.o
 .debug_ranges  0x0000000000000240       0xf0 ./Drivers/STM32F1xx_HAL_Driver/Src/stm32f1xx_hal_cortex.o
 .debug_ranges  0x0000000000000330       0x48 ./Drivers/STM32F1xx_HAL_Driver/Src/stm32f1xx_hal_gpio.o
 .debug_ranges  0x0000000000000378       0x80 ./Drivers/STM32F1xx_HAL_Driver/Src/stm32f1xx_hal_rcc.o

.debug_macro    0x0000000000000000    0x17215
 .debug_macro   0x0000000000000000      0x364 ./Core/Src/main.o
 .debug_macro   0x0000000000000364      0xa6c ./Core/Src/main.o
 .debug_macro   0x0000000000000dd0      0x20f ./Core/Src/main.o
 .debug_macro   0x0000000000000fdf       0x2e ./Core/Src/main.o
 .debug_macro   0x000000000000100d       0x22 ./Core/Src/main.o
 .debug_macro   0x000000000000102f       0x22 ./Core/Src/main.o
 .debug_macro   0x0000000000001051       0x8e ./Core/Src/main.o
 .debug_macro   0x00000000000010df       0x51 ./Core/Src/main.o
 .debug_macro   0x0000000000001130      0x103 ./Core/Src/main.o
 .debug_macro   0x0000000000001233       0x6a ./Core/Src/main.o
 .debug_macro   0x000000000000129d      0x1df ./Core/Src/main.o
 .debug_macro   0x000000000000147c       0x1c ./Core/Src/main.o
 .debug_macro   0x0000000000001498       0x22 ./Core/Src/main.o
 .debug_macro   0x00000000000014ba       0xbd ./Core/Src/main.o
 .debug_macro   0x0000000000001577      0xd23 ./Core/Src/main.o
 .debug_macro   0x000000000000229a     0xe09e ./Core/Src/main.o
 .debug_macro   0x0000000000010338       0x6d ./Core/Src/main.o
 .debug_macro   0x00000000000103a5     0x348d ./Core/Src/main.o
 .debug_macro   0x0000000000013832      0x174 ./Core/Src/main.o
 .debug_macro   0x00000000000139a6       0x5c ./Core/Src/main.o
 .debug_macro   0x0000000000013a02      0x5bc ./Core/Src/main.o
 .debug_macro   0x0000000000013fbe      0x289 ./Core/Src/main.o
 .debug_macro   0x0000000000014247      0x1cb ./Core/Src/main.o
 .debug_macro   0x0000000000014412      0x114 ./Core/Src/main.o
 .debug_macro   0x0000000000014526      0x1b2 ./Core/Src/main.o
 .debug_macro   0x00000000000146d8       0x27 ./Core/Src/main.o
 .debug_macro   0x00000000000146ff      0x136 ./Core/Src/main.o
 .debug_macro   0x0000000000014835      0x1bc ./Core/Src/main.o
 .debug_macro   0x00000000000149f1       0x34 ./Core/Src/main.o
 .debug_macro   0x0000000000014a25       0x3c ./Core/Src/main.o
 .debug_macro   0x0000000000014a61       0x57 ./Core/Src/main.o
 .debug_macro   0x0000000000014ab8       0x87 ./Core/Src/main.o
 .debug_macro   0x0000000000014b3f      0x240 ./Core/Src/main.o
 .debug_macro   0x0000000000014d7f      0x140 ./Core/Src/main.o
 .debug_macro   0x0000000000014ebf       0x83 ./Core/Src/main.o
 .debug_macro   0x0000000000014f42       0x18 ./Core/Src/main.o
 .debug_macro   0x0000000000014f5a       0x52 ./Core/Src/main.o
 .debug_macro   0x0000000000014fac       0x3c ./Core/Src/main.o
 .debug_macro   0x0000000000014fe8       0x34 ./Core/Src/main.o
 .debug_macro   0x000000000001501c       0x16 ./Core/Src/main.o
 .debug_macro   0x0000000000015032       0x35 ./Core/Src/main.o
 .debug_macro   0x0000000000015067       0x16 ./Core/Src/main.o
 .debug_macro   0x000000000001507d       0x43 ./Core/Src/main.o
 .debug_macro   0x00000000000150c0       0x34 ./Core/Src/main.o
 .debug_macro   0x00000000000150f4       0x10 ./Core/Src/main.o
 .debug_macro   0x0000000000015104       0x58 ./Core/Src/main.o
 .debug_macro   0x000000000001515c       0x71 ./Core/Src/main.o
 .debug_macro   0x00000000000151cd       0x1c ./Core/Src/main.o
 .debug_macro   0x00000000000151e9      0x12a ./Core/Src/main.o
 .debug_macro   0x0000000000015313      0x341 ./Core/Src/main.o
 .debug_macro   0x0000000000015654       0x16 ./Core/Src/main.o
 .debug_macro   0x000000000001566a       0x29 ./Core/Src/main.o
 .debug_macro   0x0000000000015693       0x16 ./Core/Src/main.o
 .debug_macro   0x00000000000156a9       0x20 ./Core/Src/main.o
 .debug_macro   0x00000000000156c9       0x28 ./Core/Src/main.o
 .debug_macro   0x00000000000156f1       0x1c ./Core/Src/main.o
 .debug_macro   0x000000000001570d       0x10 ./Core/Src/main.o
 .debug_macro   0x000000000001571d       0x10 ./Core/Src/main.o
 .debug_macro   0x000000000001572d       0x1c ./Core/Src/main.o
 .debug_macro   0x0000000000015749       0x52 ./Core/Src/main.o
 .debug_macro   0x000000000001579b       0x22 ./Core/Src/main.o
 .debug_macro   0x00000000000157bd       0x10 ./Core/Src/main.o
 .debug_macro   0x00000000000157cd       0x52 ./Core/Src/main.o
 .debug_macro   0x000000000001581f       0xd5 ./Core/Src/main.o
 .debug_macro   0x00000000000158f4       0x1c ./Core/Src/main.o
 .debug_macro   0x0000000000015910       0x3d ./Core/Src/main.o
 .debug_macro   0x000000000001594d       0x16 ./Core/Src/main.o
 .debug_macro   0x0000000000015963      0x145 ./Core/Src/main.o
 .debug_macro   0x0000000000015aa8      0x2a3 ./Core/Src/stm32f1xx_hal_msp.o
 .debug_macro   0x0000000000015d4b      0x2ad ./Core/Src/stm32f1xx_it.o
 .debug_macro   0x0000000000015ff8       0xff ./Core/Src/sysmem.o
 .debug_macro   0x00000000000160f7      0x23b ./Core/Src/sysmem.o
 .debug_macro   0x0000000000016332      0x184 ./Core/Src/system_stm32f1xx.o
 .debug_macro   0x00000000000164b6      0x18e ./Drivers/ARM_Drivers/Delay_Micros/dwt_stm32_delay.o
 .debug_macro   0x0000000000016644      0x32f ./Drivers/Device_Drivers/LCD/HD44780_LCD.o
 .debug_macro   0x0000000000016973      0x10e ./Drivers/Device_Drivers/LCD/HD44780_LCD.o
 .debug_macro   0x0000000000016a81       0x8d ./Drivers/Device_Drivers/LCD/HD44780_LCD.o
 .debug_macro   0x0000000000016b0e       0x56 ./Drivers/Device_Drivers/LCD/HD44780_LCD.o
 .debug_macro   0x0000000000016b64      0x1a8 ./Drivers/STM32F1xx_HAL_Driver/Src/stm32f1xx_hal.o
 .debug_macro   0x0000000000016d0c      0x184 ./Drivers/STM32F1xx_HAL_Driver/Src/stm32f1xx_hal_cortex.o
 .debug_macro   0x0000000000016e90      0x1ef ./Drivers/STM32F1xx_HAL_Driver/Src/stm32f1xx_hal_gpio.o
 .debug_macro   0x000000000001707f      0x196 ./Drivers/STM32F1xx_HAL_Driver/Src/stm32f1xx_hal_rcc.o

.debug_line     0x0000000000000000     0x6fdd
 .debug_line    0x0000000000000000      0xb07 ./Core/Src/main.o
 .debug_line    0x0000000000000b07      0x9a3 ./Core/Src/stm32f1xx_hal_msp.o
 .debug_line    0x00000000000014aa      0xa65 ./Core/Src/stm32f1xx_it.o
 .debug_line    0x0000000000001f0f      0x63d ./Core/Src/sysmem.o
 .debug_line    0x000000000000254c      0x7d3 ./Core/Src/system_stm32f1xx.o
 .debug_line    0x0000000000002d1f       0x86 ./Core/Startup/startup_stm32f103c8tx.o
 .debug_line    0x0000000000002da5      0x792 ./Drivers/ARM_Drivers/Delay_Micros/dwt_stm32_delay.o
 .debug_line    0x0000000000003537      0xc19 ./Drivers/Device_Drivers/LCD/HD44780_LCD.o
 .debug_line    0x0000000000004150      0xa00 ./Drivers/STM32F1xx_HAL_Driver/Src/stm32f1xx_hal.o
 .debug_line    0x0000000000004b50      0xbe8 ./Drivers/STM32F1xx_HAL_Driver/Src/stm32f1xx_hal_cortex.o
 .debug_line    0x0000000000005738      0xa99 ./Drivers/STM32F1xx_HAL_Driver/Src/stm32f1xx_hal_gpio.o
 .debug_line    0x00000000000061d1      0xe0c ./Drivers/STM32F1xx_HAL_Driver/Src/stm32f1xx_hal_rcc.o

.debug_str      0x0000000000000000    0x803cf
 .debug_str     0x0000000000000000    0x7ea21 ./Core/Src/main.o
                                      0x7ed73 (size before relaxing)
 .debug_str     0x000000000007ea21       0x5a ./Core/Src/stm32f1xx_hal_msp.o
                                      0x7db77 (size before relaxing)
 .debug_str     0x000000000007ea7b       0xc9 ./Core/Src/stm32f1xx_it.o
                                      0x7db8c (size before relaxing)
 .debug_str     0x000000000007eb44      0x4da ./Core/Src/sysmem.o
                                       0x5d5c (size before relaxing)
 .debug_str     0x000000000007f01e       0x7e ./Core/Src/system_stm32f1xx.o
                                      0x7ab96 (size before relaxing)
 .debug_str     0x000000000007f09c       0x36 ./Core/Startup/startup_stm32f103c8tx.o
                                         0x5e (size before relaxing)
 .debug_str     0x000000000007f0d2      0x106 ./Drivers/ARM_Drivers/Delay_Micros/dwt_stm32_delay.o
                                      0x7ac0a (size before relaxing)
 .debug_str     0x000000000007f1d8      0x442 ./Drivers/Device_Drivers/LCD/HD44780_LCD.o
                                      0x7e0bc (size before relaxing)
 .debug_str     0x000000000007f61a      0x602 ./Drivers/STM32F1xx_HAL_Driver/Src/stm32f1xx_hal.o
                                      0x7b2c9 (size before relaxing)
 .debug_str     0x000000000007fc1c      0x2b1 ./Drivers/STM32F1xx_HAL_Driver/Src/stm32f1xx_hal_cortex.o
                                      0x7b215 (size before relaxing)
 .debug_str     0x000000000007fecd      0x2ed ./Drivers/STM32F1xx_HAL_Driver/Src/stm32f1xx_hal_gpio.o
                                      0x7af1c (size before relaxing)
 .debug_str     0x00000000000801ba      0x215 ./Drivers/STM32F1xx_HAL_Driver/Src/stm32f1xx_hal_rcc.o
                                      0x7afc5 (size before relaxing)

.comment        0x0000000000000000       0x50
 .comment       0x0000000000000000       0x50 ./Core/Src/main.o
                                         0x51 (size before relaxing)
 .comment       0x0000000000000050       0x51 ./Core/Src/stm32f1xx_hal_msp.o
 .comment       0x0000000000000050       0x51 ./Core/Src/stm32f1xx_it.o
 .comment       0x0000000000000050       0x51 ./Core/Src/sysmem.o
 .comment       0x0000000000000050       0x51 ./Core/Src/system_stm32f1xx.o
 .comment       0x0000000000000050       0x51 ./Drivers/ARM_Drivers/Delay_Micros/dwt_stm32_delay.o
 .comment       0x0000000000000050       0x51 ./Drivers/Device_Drivers/LCD/HD44780_LCD.o
 .comment       0x0000000000000050       0x51 ./Drivers/STM32F1xx_HAL_Driver/Src/stm32f1xx_hal.o
 .comment       0x0000000000000050       0x51 ./Drivers/STM32F1xx_HAL_Driver/Src/stm32f1xx_hal_cortex.o
 .comment       0x0000000000000050       0x51 ./Drivers/STM32F1xx_HAL_Driver/Src/stm32f1xx_hal_gpio.o
 .comment       0x0000000000000050       0x51 ./Drivers/STM32F1xx_HAL_Driver/Src/stm32f1xx_hal_rcc.o

.debug_frame    0x0000000000000000     0x1450
 .debug_frame   0x0000000000000000       0x94 ./Core/Src/main.o
 .debug_frame   0x0000000000000094       0x38 ./Core/Src/stm32f1xx_hal_msp.o
 .debug_frame   0x00000000000000cc      0x104 ./Core/Src/stm32f1xx_it.o
 .debug_frame   0x00000000000001d0       0x34 ./Core/Src/sysmem.o
 .debug_frame   0x0000000000000204       0x58 ./Core/Src/system_stm32f1xx.o
 .debug_frame   0x000000000000025c       0x30 ./Drivers/ARM_Drivers/Delay_Micros/dwt_stm32_delay.o
 .debug_frame   0x000000000000028c      0x27c ./Drivers/Device_Drivers/LCD/HD44780_LCD.o
 .debug_frame   0x0000000000000508      0x334 ./Drivers/STM32F1xx_HAL_Driver/Src/stm32f1xx_hal.o
 .debug_frame   0x000000000000083c      0x428 ./Drivers/STM32F1xx_HAL_Driver/Src/stm32f1xx_hal_cortex.o
 .debug_frame   0x0000000000000c64      0x14c ./Drivers/STM32F1xx_HAL_Driver/Src/stm32f1xx_hal_gpio.o
 .debug_frame   0x0000000000000db0      0x218 ./Drivers/STM32F1xx_HAL_Driver/Src/stm32f1xx_hal_rcc.o
 .debug_frame   0x0000000000000fc8       0x20 d:/arm_stm32_church/stm_tools/stm32cubeide/stm32cubeide_1.12.1/stm32cubeide/plugins/com.st.stm32cube.ide.mcu.externaltools.gnu-tools-for-stm32.10.3-2021.10.win32_1.0.200.202301161003/tools/bin/../lib/gcc/arm-none-eabi/10.3.1/../../../../arm-none-eabi/lib/thumb/v7-m/nofp\libc_nano.a(lib_a-errno.o)
 .debug_frame   0x0000000000000fe8       0x2c d:/arm_stm32_church/stm_tools/stm32cubeide/stm32cubeide_1.12.1/stm32cubeide/plugins/com.st.stm32cube.ide.mcu.externaltools.gnu-tools-for-stm32.10.3-2021.10.win32_1.0.200.202301161003/tools/bin/../lib/gcc/arm-none-eabi/10.3.1/../../../../arm-none-eabi/lib/thumb/v7-m/nofp\libc_nano.a(lib_a-init.o)
 .debug_frame   0x0000000000001014       0x20 d:/arm_stm32_church/stm_tools/stm32cubeide/stm32cubeide_1.12.1/stm32cubeide/plugins/com.st.stm32cube.ide.mcu.externaltools.gnu-tools-for-stm32.10.3-2021.10.win32_1.0.200.202301161003/tools/bin/../lib/gcc/arm-none-eabi/10.3.1/../../../../arm-none-eabi/lib/thumb/v7-m/nofp\libc_nano.a(lib_a-memset.o)
 .debug_frame   0x0000000000001034       0x6c d:/arm_stm32_church/stm_tools/stm32cubeide/stm32cubeide_1.12.1/stm32cubeide/plugins/com.st.stm32cube.ide.mcu.externaltools.gnu-tools-for-stm32.10.3-2021.10.win32_1.0.200.202301161003/tools/bin/../lib/gcc/arm-none-eabi/10.3.1/../../../../arm-none-eabi/lib/thumb/v7-m/nofp\libc_nano.a(lib_a-sprintf.o)
 .debug_frame   0x00000000000010a0       0x90 d:/arm_stm32_church/stm_tools/stm32cubeide/stm32cubeide_1.12.1/stm32cubeide/plugins/com.st.stm32cube.ide.mcu.externaltools.gnu-tools-for-stm32.10.3-2021.10.win32_1.0.200.202301161003/tools/bin/../lib/gcc/arm-none-eabi/10.3.1/../../../../arm-none-eabi/lib/thumb/v7-m/nofp\libc_nano.a(lib_a-nano-svfprintf.o)
 .debug_frame   0x0000000000001130       0x60 d:/arm_stm32_church/stm_tools/stm32cubeide/stm32cubeide_1.12.1/stm32cubeide/plugins/com.st.stm32cube.ide.mcu.externaltools.gnu-tools-for-stm32.10.3-2021.10.win32_1.0.200.202301161003/tools/bin/../lib/gcc/arm-none-eabi/10.3.1/../../../../arm-none-eabi/lib/thumb/v7-m/nofp\libc_nano.a(lib_a-nano-vfprintf_i.o)
 .debug_frame   0x0000000000001190       0x28 d:/arm_stm32_church/stm_tools/stm32cubeide/stm32cubeide_1.12.1/stm32cubeide/plugins/com.st.stm32cube.ide.mcu.externaltools.gnu-tools-for-stm32.10.3-2021.10.win32_1.0.200.202301161003/tools/bin/../lib/gcc/arm-none-eabi/10.3.1/../../../../arm-none-eabi/lib/thumb/v7-m/nofp\libc_nano.a(lib_a-memchr-stub.o)
 .debug_frame   0x00000000000011b8       0x28 d:/arm_stm32_church/stm_tools/stm32cubeide/stm32cubeide_1.12.1/stm32cubeide/plugins/com.st.stm32cube.ide.mcu.externaltools.gnu-tools-for-stm32.10.3-2021.10.win32_1.0.200.202301161003/tools/bin/../lib/gcc/arm-none-eabi/10.3.1/../../../../arm-none-eabi/lib/thumb/v7-m/nofp\libc_nano.a(lib_a-memcpy-stub.o)
 .debug_frame   0x00000000000011e0       0x28 d:/arm_stm32_church/stm_tools/stm32cubeide/stm32cubeide_1.12.1/stm32cubeide/plugins/com.st.stm32cube.ide.mcu.externaltools.gnu-tools-for-stm32.10.3-2021.10.win32_1.0.200.202301161003/tools/bin/../lib/gcc/arm-none-eabi/10.3.1/../../../../arm-none-eabi/lib/thumb/v7-m/nofp\libc_nano.a(lib_a-memmove.o)
 .debug_frame   0x0000000000001208       0x38 d:/arm_stm32_church/stm_tools/stm32cubeide/stm32cubeide_1.12.1/stm32cubeide/plugins/com.st.stm32cube.ide.mcu.externaltools.gnu-tools-for-stm32.10.3-2021.10.win32_1.0.200.202301161003/tools/bin/../lib/gcc/arm-none-eabi/10.3.1/../../../../arm-none-eabi/lib/thumb/v7-m/nofp\libc_nano.a(lib_a-nano-freer.o)
 .debug_frame   0x0000000000001240       0x4c d:/arm_stm32_church/stm_tools/stm32cubeide/stm32cubeide_1.12.1/stm32cubeide/plugins/com.st.stm32cube.ide.mcu.externaltools.gnu-tools-for-stm32.10.3-2021.10.win32_1.0.200.202301161003/tools/bin/../lib/gcc/arm-none-eabi/10.3.1/../../../../arm-none-eabi/lib/thumb/v7-m/nofp\libc_nano.a(lib_a-nano-mallocr.o)
 .debug_frame   0x000000000000128c       0x3c d:/arm_stm32_church/stm_tools/stm32cubeide/stm32cubeide_1.12.1/stm32cubeide/plugins/com.st.stm32cube.ide.mcu.externaltools.gnu-tools-for-stm32.10.3-2021.10.win32_1.0.200.202301161003/tools/bin/../lib/gcc/arm-none-eabi/10.3.1/../../../../arm-none-eabi/lib/thumb/v7-m/nofp\libc_nano.a(lib_a-nano-reallocr.o)
 .debug_frame   0x00000000000012c8       0x2c d:/arm_stm32_church/stm_tools/stm32cubeide/stm32cubeide_1.12.1/stm32cubeide/plugins/com.st.stm32cube.ide.mcu.externaltools.gnu-tools-for-stm32.10.3-2021.10.win32_1.0.200.202301161003/tools/bin/../lib/gcc/arm-none-eabi/10.3.1/../../../../arm-none-eabi/lib/thumb/v7-m/nofp\libc_nano.a(lib_a-sbrkr.o)
 .debug_frame   0x00000000000012f4       0x30 d:/arm_stm32_church/stm_tools/stm32cubeide/stm32cubeide_1.12.1/stm32cubeide/plugins/com.st.stm32cube.ide.mcu.externaltools.gnu-tools-for-stm32.10.3-2021.10.win32_1.0.200.202301161003/tools/bin/../lib/gcc/arm-none-eabi/10.3.1/../../../../arm-none-eabi/lib/thumb/v7-m/nofp\libc_nano.a(lib_a-mlock.o)
 .debug_frame   0x0000000000001324       0x20 d:/arm_stm32_church/stm_tools/stm32cubeide/stm32cubeide_1.12.1/stm32cubeide/plugins/com.st.stm32cube.ide.mcu.externaltools.gnu-tools-for-stm32.10.3-2021.10.win32_1.0.200.202301161003/tools/bin/../lib/gcc/arm-none-eabi/10.3.1/../../../../arm-none-eabi/lib/thumb/v7-m/nofp\libc_nano.a(lib_a-nano-msizer.o)
 .debug_frame   0x0000000000001344       0x5c d:/arm_stm32_church/stm_tools/stm32cubeide/stm32cubeide_1.12.1/stm32cubeide/plugins/com.st.stm32cube.ide.mcu.externaltools.gnu-tools-for-stm32.10.3-2021.10.win32_1.0.200.202301161003/tools/bin/../lib/gcc/arm-none-eabi/10.3.1/../../../../arm-none-eabi/lib/thumb/v7-m/nofp\libc_nano.a(lib_a-reent.o)
 .debug_frame   0x00000000000013a0       0xb0 d:/arm_stm32_church/stm_tools/stm32cubeide/stm32cubeide_1.12.1/stm32cubeide/plugins/com.st.stm32cube.ide.mcu.externaltools.gnu-tools-for-stm32.10.3-2021.10.win32_1.0.200.202301161003/tools/bin/../lib/gcc/arm-none-eabi/10.3.1/../../../../arm-none-eabi/lib/thumb/v7-m/nofp\libc_nano.a(lib_a-lock.o)
